#-----------------------------------------------------------
# Vivado v2021.2 (64-bit)
# SW Build 3367213 on Tue Oct 19 02:48:09 MDT 2021
# IP Build 3369179 on Thu Oct 21 08:25:16 MDT 2021
# Start of session at: Sun Feb 26 11:21:25 2023
# Process ID: 11716
# Current directory: L:/FPGA/ICIG/project_1
# Command line: vivado.exe -gui_launcher_event rodinguilauncherevent14064 L:\FPGA\ICIG\project_1\project_1.xpr
# Log file: L:/FPGA/ICIG/project_1/vivado.log
# Journal file: L:/FPGA/ICIG/project_1\vivado.jou
# Running On: XS-WIN, OS: Windows, CPU Frequency: 3194 MHz, CPU Physical cores: 16, Host memory: 14888 MB
#-----------------------------------------------------------
start_gui
open_project L:/FPGA/ICIG/project_1/project_1.xpr
update_compile_order -fileset sources_1
open_hw_manager
connect_hw_server -allow_non_jtag
open_hw_target
set_property PROGRAM.FILE {L:/FPGA/ICIG/project_1/project_1.runs/impl_1/design_1_wrapper.bit} [get_hw_devices xc7z010_1]
set_property PROBES.FILE {L:/FPGA/ICIG/project_1/project_1.runs/impl_1/design_1_wrapper.ltx} [get_hw_devices xc7z010_1]
set_property FULL_PROBES.FILE {L:/FPGA/ICIG/project_1/project_1.runs/impl_1/design_1_wrapper.ltx} [get_hw_devices xc7z010_1]
current_hw_device [get_hw_devices xc7z010_1]
refresh_hw_device [lindex [get_hw_devices xc7z010_1] 0]
set_property PROBES.FILE {L:/FPGA/ICIG/project_1/project_1.runs/impl_1/design_1_wrapper.ltx} [get_hw_devices xc7z010_1]
set_property FULL_PROBES.FILE {L:/FPGA/ICIG/project_1/project_1.runs/impl_1/design_1_wrapper.ltx} [get_hw_devices xc7z010_1]
set_property PROGRAM.FILE {L:/FPGA/ICIG/project_1/project_1.runs/impl_1/design_1_wrapper.bit} [get_hw_devices xc7z010_1]
program_hw_devices [get_hw_devices xc7z010_1]
refresh_hw_device [lindex [get_hw_devices xc7z010_1] 0]
set_property PROBES.FILE {L:/FPGA/ICIG/project_1/project_1.runs/impl_1/design_1_wrapper.ltx} [get_hw_devices xc7z010_1]
set_property FULL_PROBES.FILE {L:/FPGA/ICIG/project_1/project_1.runs/impl_1/design_1_wrapper.ltx} [get_hw_devices xc7z010_1]
set_property PROGRAM.FILE {L:/FPGA/ICIG/project_1/project_1.runs/impl_1/design_1_wrapper.bit} [get_hw_devices xc7z010_1]
program_hw_devices [get_hw_devices xc7z010_1]
refresh_hw_device [lindex [get_hw_devices xc7z010_1] 0]
close_hw_manager
write_hw_platform -fixed -include_bit -force -file L:/FPGA/ICIG/project_1/design_1_wrapper.xsa
open_hw_manager
connect_hw_server -allow_non_jtag
open_hw_target
set_property PROGRAM.FILE {L:/FPGA/ICIG/project_1/project_1.runs/impl_1/design_1_wrapper.bit} [get_hw_devices xc7z010_1]
set_property PROBES.FILE {L:/FPGA/ICIG/project_1/project_1.runs/impl_1/design_1_wrapper.ltx} [get_hw_devices xc7z010_1]
set_property FULL_PROBES.FILE {L:/FPGA/ICIG/project_1/project_1.runs/impl_1/design_1_wrapper.ltx} [get_hw_devices xc7z010_1]
current_hw_device [get_hw_devices xc7z010_1]
refresh_hw_device [lindex [get_hw_devices xc7z010_1] 0]
display_hw_ila_data [ get_hw_ila_data hw_ila_data_1 -of_objects [get_hw_ilas -of_objects [get_hw_devices xc7z010_1] -filter {CELL_NAME=~"design_1_i/system_ila_0/inst/ila_lib"}]]
save_wave_config {L:/FPGA/ICIG/project_1/project_1.hw/hw_1/wave/hw_ila_data_1/hw_ila_data_1.wcfg}
set_property OUTPUT_VALUE_RADIX BINARY [get_hw_probes design_1_i/vio_0_probe_out0 -of_objects [get_hw_vios -of_objects [get_hw_devices xc7z010_1] -filter {CELL_NAME=~"design_1_i/vio_0"}]]
set_property OUTPUT_VALUE 1010101010101010 [get_hw_probes design_1_i/vio_0_probe_out0 -of_objects [get_hw_vios -of_objects [get_hw_devices xc7z010_1] -filter {CELL_NAME=~"design_1_i/vio_0"}]]
commit_hw_vio [get_hw_probes {design_1_i/vio_0_probe_out0} -of_objects [get_hw_vios -of_objects [get_hw_devices xc7z010_1] -filter {CELL_NAME=~"design_1_i/vio_0"}]]
set_property OUTPUT_VALUE_RADIX BINARY [get_hw_probes design_1_i/vio_0_probe_out1 -of_objects [get_hw_vios -of_objects [get_hw_devices xc7z010_1] -filter {CELL_NAME=~"design_1_i/vio_0"}]]
set_property OUTPUT_VALUE 0101010101010101 [get_hw_probes design_1_i/vio_0_probe_out1 -of_objects [get_hw_vios -of_objects [get_hw_devices xc7z010_1] -filter {CELL_NAME=~"design_1_i/vio_0"}]]
commit_hw_vio [get_hw_probes {design_1_i/vio_0_probe_out1} -of_objects [get_hw_vios -of_objects [get_hw_devices xc7z010_1] -filter {CELL_NAME=~"design_1_i/vio_0"}]]
run_hw_ila [get_hw_ilas -of_objects [get_hw_devices xc7z010_1] -filter {CELL_NAME=~"design_1_i/system_ila_0/inst/ila_lib"}]
wait_on_hw_ila [get_hw_ilas -of_objects [get_hw_devices xc7z010_1] -filter {CELL_NAME=~"design_1_i/system_ila_0/inst/ila_lib"}]
display_hw_ila_data [upload_hw_ila_data [get_hw_ilas -of_objects [get_hw_devices xc7z010_1] -filter {CELL_NAME=~"design_1_i/system_ila_0/inst/ila_lib"}]]
set_property OUTPUT_VALUE_RADIX HEX [get_hw_probes design_1_i/vio_0_probe_out0 -of_objects [get_hw_vios -of_objects [get_hw_devices xc7z010_1] -filter {CELL_NAME=~"design_1_i/vio_0"}]]
set_property OUTPUT_VALUE_RADIX UNSIGNED [get_hw_probes design_1_i/vio_0_probe_out1 -of_objects [get_hw_vios -of_objects [get_hw_devices xc7z010_1] -filter {CELL_NAME=~"design_1_i/vio_0"}]]
set_property OUTPUT_VALUE_RADIX SIGNED [get_hw_probes design_1_i/vio_0_probe_out1 -of_objects [get_hw_vios -of_objects [get_hw_devices xc7z010_1] -filter {CELL_NAME=~"design_1_i/vio_0"}]]
set_property OUTPUT_VALUE AAAA [get_hw_probes design_1_i/vio_0_probe_out0 -of_objects [get_hw_vios -of_objects [get_hw_devices xc7z010_1] -filter {CELL_NAME=~"design_1_i/vio_0"}]]
commit_hw_vio [get_hw_probes {design_1_i/vio_0_probe_out0} -of_objects [get_hw_vios -of_objects [get_hw_devices xc7z010_1] -filter {CELL_NAME=~"design_1_i/vio_0"}]]
set_property OUTPUT_VALUE_RADIX UNSIGNED [get_hw_probes design_1_i/vio_0_probe_out0 -of_objects [get_hw_vios -of_objects [get_hw_devices xc7z010_1] -filter {CELL_NAME=~"design_1_i/vio_0"}]]
set_property OUTPUT_VALUE_RADIX SIGNED [get_hw_probes design_1_i/vio_0_probe_out0 -of_objects [get_hw_vios -of_objects [get_hw_devices xc7z010_1] -filter {CELL_NAME=~"design_1_i/vio_0"}]]
set_property OUTPUT_VALUE 200 [get_hw_probes design_1_i/vio_0_probe_out1 -of_objects [get_hw_vios -of_objects [get_hw_devices xc7z010_1] -filter {CELL_NAME=~"design_1_i/vio_0"}]]
commit_hw_vio [get_hw_probes {design_1_i/vio_0_probe_out1} -of_objects [get_hw_vios -of_objects [get_hw_devices xc7z010_1] -filter {CELL_NAME=~"design_1_i/vio_0"}]]
set_property OUTPUT_VALUE -1000 [get_hw_probes design_1_i/vio_0_probe_out0 -of_objects [get_hw_vios -of_objects [get_hw_devices xc7z010_1] -filter {CELL_NAME=~"design_1_i/vio_0"}]]
commit_hw_vio [get_hw_probes {design_1_i/vio_0_probe_out0} -of_objects [get_hw_vios -of_objects [get_hw_devices xc7z010_1] -filter {CELL_NAME=~"design_1_i/vio_0"}]]
run_hw_ila [get_hw_ilas -of_objects [get_hw_devices xc7z010_1] -filter {CELL_NAME=~"design_1_i/system_ila_0/inst/ila_lib"}]
wait_on_hw_ila [get_hw_ilas -of_objects [get_hw_devices xc7z010_1] -filter {CELL_NAME=~"design_1_i/system_ila_0/inst/ila_lib"}]
display_hw_ila_data [upload_hw_ila_data [get_hw_ilas -of_objects [get_hw_devices xc7z010_1] -filter {CELL_NAME=~"design_1_i/system_ila_0/inst/ila_lib"}]]
set_property OUTPUT_VALUE -1 [get_hw_probes design_1_i/vio_0_probe_out0 -of_objects [get_hw_vios -of_objects [get_hw_devices xc7z010_1] -filter {CELL_NAME=~"design_1_i/vio_0"}]]
commit_hw_vio [get_hw_probes {design_1_i/vio_0_probe_out0} -of_objects [get_hw_vios -of_objects [get_hw_devices xc7z010_1] -filter {CELL_NAME=~"design_1_i/vio_0"}]]
set_property OUTPUT_VALUE -1 [get_hw_probes design_1_i/vio_0_probe_out1 -of_objects [get_hw_vios -of_objects [get_hw_devices xc7z010_1] -filter {CELL_NAME=~"design_1_i/vio_0"}]]
commit_hw_vio [get_hw_probes {design_1_i/vio_0_probe_out1} -of_objects [get_hw_vios -of_objects [get_hw_devices xc7z010_1] -filter {CELL_NAME=~"design_1_i/vio_0"}]]
run_hw_ila [get_hw_ilas -of_objects [get_hw_devices xc7z010_1] -filter {CELL_NAME=~"design_1_i/system_ila_0/inst/ila_lib"}]
wait_on_hw_ila [get_hw_ilas -of_objects [get_hw_devices xc7z010_1] -filter {CELL_NAME=~"design_1_i/system_ila_0/inst/ila_lib"}]
display_hw_ila_data [upload_hw_ila_data [get_hw_ilas -of_objects [get_hw_devices xc7z010_1] -filter {CELL_NAME=~"design_1_i/system_ila_0/inst/ila_lib"}]]
set_property OUTPUT_VALUE_RADIX HEX [get_hw_probes design_1_i/vio_0_probe_out0 -of_objects [get_hw_vios -of_objects [get_hw_devices xc7z010_1] -filter {CELL_NAME=~"design_1_i/vio_0"}]]
set_property OUTPUT_VALUE_RADIX HEX [get_hw_probes design_1_i/vio_0_probe_out1 -of_objects [get_hw_vios -of_objects [get_hw_devices xc7z010_1] -filter {CELL_NAME=~"design_1_i/vio_0"}]]
set_property OUTPUT_VALUE 0001 [get_hw_probes design_1_i/vio_0_probe_out0 -of_objects [get_hw_vios -of_objects [get_hw_devices xc7z010_1] -filter {CELL_NAME=~"design_1_i/vio_0"}]]
commit_hw_vio [get_hw_probes {design_1_i/vio_0_probe_out0} -of_objects [get_hw_vios -of_objects [get_hw_devices xc7z010_1] -filter {CELL_NAME=~"design_1_i/vio_0"}]]
set_property OUTPUT_VALUE 8000 [get_hw_probes design_1_i/vio_0_probe_out1 -of_objects [get_hw_vios -of_objects [get_hw_devices xc7z010_1] -filter {CELL_NAME=~"design_1_i/vio_0"}]]
commit_hw_vio [get_hw_probes {design_1_i/vio_0_probe_out1} -of_objects [get_hw_vios -of_objects [get_hw_devices xc7z010_1] -filter {CELL_NAME=~"design_1_i/vio_0"}]]
run_hw_ila [get_hw_ilas -of_objects [get_hw_devices xc7z010_1] -filter {CELL_NAME=~"design_1_i/system_ila_0/inst/ila_lib"}]
wait_on_hw_ila [get_hw_ilas -of_objects [get_hw_devices xc7z010_1] -filter {CELL_NAME=~"design_1_i/system_ila_0/inst/ila_lib"}]
display_hw_ila_data [upload_hw_ila_data [get_hw_ilas -of_objects [get_hw_devices xc7z010_1] -filter {CELL_NAME=~"design_1_i/system_ila_0/inst/ila_lib"}]]
set_property OUTPUT_VALUE AAAA [get_hw_probes design_1_i/vio_0_probe_out0 -of_objects [get_hw_vios -of_objects [get_hw_devices xc7z010_1] -filter {CELL_NAME=~"design_1_i/vio_0"}]]
commit_hw_vio [get_hw_probes {design_1_i/vio_0_probe_out0} -of_objects [get_hw_vios -of_objects [get_hw_devices xc7z010_1] -filter {CELL_NAME=~"design_1_i/vio_0"}]]
set_property OUTPUT_VALUE AAAA [get_hw_probes design_1_i/vio_0_probe_out1 -of_objects [get_hw_vios -of_objects [get_hw_devices xc7z010_1] -filter {CELL_NAME=~"design_1_i/vio_0"}]]
commit_hw_vio [get_hw_probes {design_1_i/vio_0_probe_out1} -of_objects [get_hw_vios -of_objects [get_hw_devices xc7z010_1] -filter {CELL_NAME=~"design_1_i/vio_0"}]]
run_hw_ila [get_hw_ilas -of_objects [get_hw_devices xc7z010_1] -filter {CELL_NAME=~"design_1_i/system_ila_0/inst/ila_lib"}]
wait_on_hw_ila [get_hw_ilas -of_objects [get_hw_devices xc7z010_1] -filter {CELL_NAME=~"design_1_i/system_ila_0/inst/ila_lib"}]
display_hw_ila_data [upload_hw_ila_data [get_hw_ilas -of_objects [get_hw_devices xc7z010_1] -filter {CELL_NAME=~"design_1_i/system_ila_0/inst/ila_lib"}]]
set_property OUTPUT_VALUE EFFF [get_hw_probes design_1_i/vio_0_probe_out0 -of_objects [get_hw_vios -of_objects [get_hw_devices xc7z010_1] -filter {CELL_NAME=~"design_1_i/vio_0"}]]
commit_hw_vio [get_hw_probes {design_1_i/vio_0_probe_out0} -of_objects [get_hw_vios -of_objects [get_hw_devices xc7z010_1] -filter {CELL_NAME=~"design_1_i/vio_0"}]]
set_property OUTPUT_VALUE EFFF [get_hw_probes design_1_i/vio_0_probe_out1 -of_objects [get_hw_vios -of_objects [get_hw_devices xc7z010_1] -filter {CELL_NAME=~"design_1_i/vio_0"}]]
commit_hw_vio [get_hw_probes {design_1_i/vio_0_probe_out1} -of_objects [get_hw_vios -of_objects [get_hw_devices xc7z010_1] -filter {CELL_NAME=~"design_1_i/vio_0"}]]
run_hw_ila [get_hw_ilas -of_objects [get_hw_devices xc7z010_1] -filter {CELL_NAME=~"design_1_i/system_ila_0/inst/ila_lib"}]
wait_on_hw_ila [get_hw_ilas -of_objects [get_hw_devices xc7z010_1] -filter {CELL_NAME=~"design_1_i/system_ila_0/inst/ila_lib"}]
display_hw_ila_data [upload_hw_ila_data [get_hw_ilas -of_objects [get_hw_devices xc7z010_1] -filter {CELL_NAME=~"design_1_i/system_ila_0/inst/ila_lib"}]]
set_property OUTPUT_VALUE 7FFF [get_hw_probes design_1_i/vio_0_probe_out0 -of_objects [get_hw_vios -of_objects [get_hw_devices xc7z010_1] -filter {CELL_NAME=~"design_1_i/vio_0"}]]
commit_hw_vio [get_hw_probes {design_1_i/vio_0_probe_out0} -of_objects [get_hw_vios -of_objects [get_hw_devices xc7z010_1] -filter {CELL_NAME=~"design_1_i/vio_0"}]]
set_property OUTPUT_VALUE 7FFF [get_hw_probes design_1_i/vio_0_probe_out1 -of_objects [get_hw_vios -of_objects [get_hw_devices xc7z010_1] -filter {CELL_NAME=~"design_1_i/vio_0"}]]
commit_hw_vio [get_hw_probes {design_1_i/vio_0_probe_out1} -of_objects [get_hw_vios -of_objects [get_hw_devices xc7z010_1] -filter {CELL_NAME=~"design_1_i/vio_0"}]]
run_hw_ila [get_hw_ilas -of_objects [get_hw_devices xc7z010_1] -filter {CELL_NAME=~"design_1_i/system_ila_0/inst/ila_lib"}]
wait_on_hw_ila [get_hw_ilas -of_objects [get_hw_devices xc7z010_1] -filter {CELL_NAME=~"design_1_i/system_ila_0/inst/ila_lib"}]
display_hw_ila_data [upload_hw_ila_data [get_hw_ilas -of_objects [get_hw_devices xc7z010_1] -filter {CELL_NAME=~"design_1_i/system_ila_0/inst/ila_lib"}]]
set_property OUTPUT_VALUE EFFF [get_hw_probes design_1_i/vio_0_probe_out1 -of_objects [get_hw_vios -of_objects [get_hw_devices xc7z010_1] -filter {CELL_NAME=~"design_1_i/vio_0"}]]
commit_hw_vio [get_hw_probes {design_1_i/vio_0_probe_out1} -of_objects [get_hw_vios -of_objects [get_hw_devices xc7z010_1] -filter {CELL_NAME=~"design_1_i/vio_0"}]]
save_wave_config {L:/FPGA/ICIG/project_1/project_1.hw/hw_1/wave/hw_ila_data_1/hw_ila_data_1.wcfg}
